// Jest Snapshot v1, https://goo.gl/fbAQLP

exports[`Building repos/nordnet-ui-kit design system with required user webpack config prints warnings without stack traces to the console 1`] = `
"Alert
    ğŸ“œ documentation: âœ”
    ğŸ’¡ examples: âœ˜

Animate
    ğŸ“œ documentation: âœ”
    ğŸ’¡ examples: âœ˜

Avatar
    ğŸ“œ documentation: âœ”
    ğŸ’¡ examples: âœ˜

Badge
    ğŸ“œ documentation: âœ”
    ğŸ’¡ examples: âœ˜

Button
    ğŸ“œ documentation: âœ”
    ğŸ’¡ examples: âœ˜

Dropdown
    ğŸ“œ documentation: âœ”
    ğŸ’¡ examples: âœ˜

Flag
    ğŸ“œ documentation: âœ”
    ğŸ’¡ examples: âœ˜

Icon
    ğŸ“œ documentation: âœ”
    ğŸ’¡ examples: âœ˜

Input
    ğŸ“œ documentation: âœ”
    ğŸ’¡ examples: âœ˜

InstrumentBadge
    ğŸ“œ documentation: âœ”
    ğŸ’¡ examples: âœ˜

LabeledValue
    ğŸ“œ documentation: âœ”
    ğŸ’¡ examples: âœ˜

Li
    ğŸ“œ documentation: âœ”
    ğŸ’¡ examples: âœ˜

Logo
    ğŸ“œ documentation: âœ”
    ğŸ’¡ examples: âœ˜

Pane
    ğŸ“œ documentation: âœ”
    ğŸ’¡ examples: âœ˜

ProgressBar
    ğŸ“œ documentation: âœ”
    ğŸ’¡ examples: âœ˜

RadioGroup
    ğŸ“œ documentation: âœ”
    ğŸ’¡ examples: âœ˜

SegmentedControl
    ğŸ“œ documentation: âœ”
    ğŸ’¡ examples: âœ˜

SharevilleLogo
    ğŸ“œ documentation: âœ”
    ğŸ’¡ examples: âœ˜

Spinner
    ğŸ“œ documentation: âœ”
    ğŸ’¡ examples: âœ˜

Table
    ğŸ“œ documentation: âœ”
    ğŸ’¡ examples: âœ˜

Tbody
    ğŸ“œ documentation: âœ˜
    ğŸ’¡ examples: âœ˜

Td
    ğŸ“œ documentation: âœ˜
    ğŸ’¡ examples: âœ˜

Tfoot
    ğŸ“œ documentation: âœ˜
    ğŸ’¡ examples: âœ˜

Th
    ğŸ“œ documentation: âœ˜
    ğŸ’¡ examples: âœ˜

Thead
    ğŸ“œ documentation: âœ˜
    ğŸ’¡ examples: âœ˜

Tooltip
    ğŸ“œ documentation: âœ”
    ğŸ’¡ examples: âœ˜

Tr
    ğŸ“œ documentation: âœ˜
    ğŸ’¡ examples: âœ˜

Ul
    ğŸ“œ documentation: âœ”
    ğŸ’¡ examples: âœ˜

warning Cannot serialize component properties in:
src/components/alert/alert.jsx

warning Cannot serialize component properties in:
src/components/animate/animate.jsx

warning Cannot serialize component properties in:
src/components/avatar/avatar.jsx

warning Cannot serialize component properties in:
src/components/badge/badge.jsx

warning Cannot serialize component properties in:
src/components/button/button.jsx

warning Cannot serialize component properties in:
src/components/dropdown/dropdown.jsx

warning Cannot parse type of a property 'aria-hidden' in:
src/components/icon/icon.jsx

warning Cannot parse type of a property 'focusable' in:
src/components/icon/icon.jsx

warning Cannot serialize component properties in:
src/components/instrument-badge/instrument-badge.jsx

warning Cannot serialize component properties in:
src/components/labeled-value/labeled-value.jsx

warning Cannot serialize component properties in:
src/components/li/li.jsx

warning Cannot serialize component properties in:
src/components/pane/pane.jsx

warning Cannot serialize component properties in:
src/components/progress-bar/progress-bar.jsx

warning Cannot serialize component properties in:
src/components/spinner/spinner.jsx

warning Cannot serialize component properties in:
src/components/td/td.jsx

warning Cannot serialize component properties in:
src/components/th/th.jsx

warning Cannot serialize component properties in:
src/components/tooltip/tooltip.jsx

"
`;
